WARNING: A restricted method in java.lang.System has been called
WARNING: java.lang.System::load has been called by net.rubygrapefruit.platform.internal.NativeLibraryLoader in an unnamed module (file:/C:/Users/Malo/.gradle/wrapper/dists/gradle-9.7.1-bin/1w1c7tv4s851m17nbqdsro2tv/gradle-9.7.1/lib/native-platform-0.22-milestone-29.jar)
WARNING: Use --enable-native-access=ALL-UNNAMED to avoid a warning for callers in this module
WARNING: Restricted methods will be blocked in a future release unless native access is enabled

> Task :createMinecraftArtifacts UP-TO-DATE

> Task :compileJava FAILED
E:\IJ\DashLoader\src\main\java\dev\notalpha\dashloader\misc\UnsafeHelper.java:7: Warnung: Unsafe ist eine interne propriet├ñre API, die in einem zuk├╝nftigen Release entfernt werden kann
	public static final sun.misc.Unsafe UNSAFE = getUnsafeInstance();
	                            ^
E:\IJ\DashLoader\src\main\java\dev\notalpha\dashloader\misc\UnsafeHelper.java:9: Warnung: Unsafe ist eine interne propriet├ñre API, die in einem zuk├╝nftigen Release entfernt werden kann
	private static sun.misc.Unsafe getUnsafeInstance() {
	                       ^
E:\IJ\DashLoader\src\main\java\dev\notalpha\dashloader\misc\UnsafeHelper.java:10: Warnung: Unsafe ist eine interne propriet├ñre API, die in einem zuk├╝nftigen Release entfernt werden kann
		Class<sun.misc.Unsafe> clazz = sun.misc.Unsafe.class;
		              ^
E:\IJ\DashLoader\src\main\java\dev\notalpha\dashloader\misc\UnsafeHelper.java:10: Warnung: Unsafe ist eine interne propriet├ñre API, die in einem zuk├╝nftigen Release entfernt werden kann
		Class<sun.misc.Unsafe> clazz = sun.misc.Unsafe.class;
		                                       ^
E:\IJ\DashLoader\src\main\java\dev\notalpha\dashloader\misc\UnsafeHelper.java:21: Warnung: Unsafe ist eine interne propriet├ñre API, die in einem zuk├╝nftigen Release entfernt werden kann
				return (sun.misc.Unsafe) field.get(null);
				                ^
E:\IJ\DashLoader\src\main\java\dev\notalpha\dashloader\mixin\option\cache\sprite\content\SpriteOpenerMixin.java:36: Fehler: Symbol nicht gefunden
					if (existing != null && !SpriteContentModule.sameContents(existing, result)) {
					                                            ^
  Symbol: Methode sameContents(SpriteContents,SpriteContents)
  Ort: Klasse SpriteContentModule
Hinweis: Einige Eingabedateien verwenden oder ├╝berschreiben eine veraltete API.
Hinweis: Wiederholen Sie die Kompilierung mit -Xlint:deprecation, um Details zu erhalten.
Hinweis: Einige Eingabedateien verwenden nicht gepr├╝fte oder unsichere Vorg├ñnge.
Hinweis: Wiederholen Sie die Kompilierung mit -Xlint:unchecked, um Details zu erhalten.
1 Fehler
5 Warnungen


[Incubating] Problems report is available at: file:///E:/IJ/DashLoader/build/reports/problems/problems-report.html
FAILURE: Build failed with an exception.

* What went wrong:
Execution failed for task ':compileJava' (registered by plugin class 'org.gradle.api.plugins.JavaBasePlugin').
> Compilation failed; see the compiler output below.
  E:\IJ\DashLoader\src\main\java\dev\notalpha\dashloader\misc\UnsafeHelper.java:7: Warnung: Unsafe ist eine interne propriet├ñre API, die in einem zuk├╝nftigen Release entfernt werden kann
  	public static final sun.misc.Unsafe UNSAFE = getUnsafeInstance();
  	                            ^
  E:\IJ\DashLoader\src\main\java\dev\notalpha\dashloader\misc\UnsafeHelper.java:9: Warnung: Unsafe ist eine interne propriet├ñre API, die in einem zuk├╝nftigen Release entfernt werden kann
  	private static sun.misc.Unsafe getUnsafeInstance() {
  	                       ^
  E:\IJ\DashLoader\src\main\java\dev\notalpha\dashloader\misc\UnsafeHelper.java:10: Warnung: Unsafe ist eine interne propriet├ñre API, die in einem zuk├╝nftigen Release entfernt werden kann
  		Class<sun.misc.Unsafe> clazz = sun.misc.Unsafe.class;
  		              ^
  E:\IJ\DashLoader\src\main\java\dev\notalpha\dashloader\misc\UnsafeHelper.java:10: Warnung: Unsafe ist eine interne propriet├ñre API, die in einem zuk├╝nftigen Release entfernt werden kann
  		Class<sun.misc.Unsafe> clazz = sun.misc.Unsafe.class;
  		                                       ^
  E:\IJ\DashLoader\src\main\java\dev\notalpha\dashloader\misc\UnsafeHelper.java:21: Warnung: Unsafe ist eine interne propriet├ñre API, die in einem zuk├╝nftigen Release entfernt werden kann
  				return (sun.misc.Unsafe) field.get(null);
  				                ^
  Hinweis: Wiederholen Sie die Kompilierung mit -Xlint:deprecation, um Details zu erhalten.
  Hinweis: Wiederholen Sie die Kompilierung mit -Xlint:unchecked, um Details zu erhalten.
  Hinweis: Einige Eingabedateien verwenden oder ├╝berschreiben eine veraltete API.
  Hinweis: Einige Eingabedateien verwenden nicht gepr├╝fte oder unsichere Vorg├ñnge.
  E:\IJ\DashLoader\src\main\java\dev\notalpha\dashloader\mixin\option\cache\sprite\content\SpriteOpenerMixin.java:36: Fehler: Symbol nicht gefunden
  					if (existing != null && !SpriteContentModule.sameContents(existing, result)) {
  					                                            ^
    Symbol: Methode sameContents(SpriteContents,SpriteContents)
    Ort: Klasse SpriteContentModule
  1 Fehler
  5 Warnungen

* Try:
> Check your code and dependencies to fix the compilation error(s)
> Run with --scan to get full insights from a Build Scan (powered by Develocity).

Deprecated Gradle features were used in this build, making it incompatible with Gradle 10.

You can use '--warning-mode all' to show the individual deprecation warnings and determine if they come from your own scripts or plugins.

For more on this, please refer to https://docs.gradle.org/9.7.1/userguide/command_line_interface.html#sec:command_line_warnings in the Gradle documentation.

BUILD FAILED in 2s
2 actionable tasks: 1 executed, 1 up-to-date
